// Jest Snapshot v1, https://goo.gl/fbAQLP

exports[`Fonts must match the snapshot with default Props 1`] = `
Array [
  @media (min-width:360px) {

}

<h1>
    FontSize
  </h1>,
  .c0 {
  color: rgba(213,21,60,1);
  font-size: 12px;
}

.c0:hover,
.c0:focus {
  color: rgba(213,21,60,1);
}

.c1 {
  width: 14px;
  height: 14px;
  margin-left: 7px;
}

@media (min-width:360px) {
  .c0 {
    font-size: 16px;
  }
}

<table>
    <caption>
      Font size for the UI of
       
      <a
        className="c0"
        href="http://test.make.org"
      >
        http://test.make.org
      </a>
       
      from design tokens
       
      <a
        className="c0"
        href="https://www.npmjs.com/package/athena-design-tokens"
        rel="nooperner"
        target="_blank"
      >
        NPM module
        <svg
          aria-hidden={true}
          className="c1 red-link"
          height={12}
          viewBox="0 0 12 12"
          width={12}
        >
          <path
            className="tofill"
            d="M12.5.893v10.214c0 .77-.624 1.393-1.393 1.393H.893c-.77 0-1.393-.624-1.393-1.393V.893C-.5.123.124-.5.893-.5h10.214c.77 0 1.393.624 1.393 1.393zm-2.554.464H6.697c-.618 0-.93.75-.492 1.189l.928.928-5.674 5.674a.348.348 0 000 .492l.9.9a.347.347 0 00.493 0l5.674-5.673.928.928c.436.436 1.189.13 1.189-.492v-3.25a.697.697 0 00-.697-.696z"
            fillRule="evenodd"
          />
        </svg>
      </a>
       
    </caption>
    <thead>
      <tr>
        <th
          scope="col"
        >
          Size
        </th>
        <th
          scope="col"
        >
          Name
        </th>
        <th
          scope="col"
        >
          value
        </th>
      </tr>
    </thead>
    <tbody>
      <tr>
        <th
          scope="row"
        >
          <span
            style={
              Object {
                "fontSize": 56,
              }
            }
          >
            FontSize
          </span>
        </th>
        <td>
          X5L
        </td>
        <td>
          56
        </td>
      </tr>
    </tbody>
    <tbody>
      <tr>
        <th
          scope="row"
        >
          <span
            style={
              Object {
                "fontSize": 42,
              }
            }
          >
            FontSize
          </span>
        </th>
        <td>
          X4L
        </td>
        <td>
          42
        </td>
      </tr>
    </tbody>
    <tbody>
      <tr>
        <th
          scope="row"
        >
          <span
            style={
              Object {
                "fontSize": 36,
              }
            }
          >
            FontSize
          </span>
        </th>
        <td>
          X3L
        </td>
        <td>
          36
        </td>
      </tr>
    </tbody>
    <tbody>
      <tr>
        <th
          scope="row"
        >
          <span
            style={
              Object {
                "fontSize": 30,
              }
            }
          >
            FontSize
          </span>
        </th>
        <td>
          X2L
        </td>
        <td>
          30
        </td>
      </tr>
    </tbody>
    <tbody>
      <tr>
        <th
          scope="row"
        >
          <span
            style={
              Object {
                "fontSize": 26,
              }
            }
          >
            FontSize
          </span>
        </th>
        <td>
          XL
        </td>
        <td>
          26
        </td>
      </tr>
    </tbody>
    <tbody>
      <tr>
        <th
          scope="row"
        >
          <span
            style={
              Object {
                "fontSize": 22,
              }
            }
          >
            FontSize
          </span>
        </th>
        <td>
          L
        </td>
        <td>
          22
        </td>
      </tr>
    </tbody>
    <tbody>
      <tr>
        <th
          scope="row"
        >
          <span
            style={
              Object {
                "fontSize": 20,
              }
            }
          >
            FontSize
          </span>
        </th>
        <td>
          M
        </td>
        <td>
          20
        </td>
      </tr>
    </tbody>
    <tbody>
      <tr>
        <th
          scope="row"
        >
          <span
            style={
              Object {
                "fontSize": 18,
              }
            }
          >
            FontSize
          </span>
        </th>
        <td>
          S
        </td>
        <td>
          18
        </td>
      </tr>
    </tbody>
    <tbody>
      <tr>
        <th
          scope="row"
        >
          <span
            style={
              Object {
                "fontSize": 16,
              }
            }
          >
            FontSize
          </span>
        </th>
        <td>
          XS
        </td>
        <td>
          16
        </td>
      </tr>
    </tbody>
    <tbody>
      <tr>
        <th
          scope="row"
        >
          <span
            style={
              Object {
                "fontSize": 12,
              }
            }
          >
            FontSize
          </span>
        </th>
        <td>
          X2S
        </td>
        <td>
          12
        </td>
      </tr>
    </tbody>
  </table>,
]
`;
